---
source: crates/ccusage/tests/codex_table.rs
assertion_line: 47
expression: "format!(\"DAILY\\n{}MONTHLY\\n{}SESSION\\n{}\",\nrun_codex_table(&fixture, \"daily\", &[], \"200\"),\nrun_codex_table(&fixture, \"monthly\", &[], \"200\"),\nrun_codex_table(&fixture, \"session\", &[], \"200\"),)"
---
DAILY
┌────────────┬───────────────────┬───────────┬───────────┬────────────┬─────────────┬───────────────┬───────────┬─────────────┐
│ Date       │ Models            │     Input │    Output │  Reasoning │  Cache Read │  Total Tokens │   Credits │  Cost (USD) │
├────────────┼───────────────────┼───────────┼───────────┼────────────┼─────────────┼───────────────┼───────────┼─────────────┤
│ 2026-01-02 │ - gpt-credit-test │       100 │         0 │          0 │           0 │           100 │      1.00 │       $0.04 │
├────────────┼───────────────────┼───────────┼───────────┼────────────┼─────────────┼───────────────┼───────────┼─────────────┤
│ Total      │                   │       100 │         0 │          0 │           0 │           100 │      1.00 │       $0.04 │
└────────────┴───────────────────┴───────────┴───────────┴────────────┴─────────────┴───────────────┴───────────┴─────────────┘
MONTHLY
┌──────────┬───────────────────┬───────────┬───────────┬────────────┬─────────────┬───────────────┬───────────┬─────────────┐
│ Month    │ Models            │     Input │    Output │  Reasoning │  Cache Read │  Total Tokens │   Credits │  Cost (USD) │
├──────────┼───────────────────┼───────────┼───────────┼────────────┼─────────────┼───────────────┼───────────┼─────────────┤
│ 2026-01  │ - gpt-credit-test │       100 │         0 │          0 │           0 │           100 │      1.00 │       $0.04 │
├──────────┼───────────────────┼───────────┼───────────┼────────────┼─────────────┼───────────────┼───────────┼─────────────┤
│ Total    │                   │       100 │         0 │          0 │           0 │           100 │      1.00 │       $0.04 │
└──────────┴───────────────────┴───────────┴───────────┴────────────┴─────────────┴───────────────┴───────────┴─────────────┘
SESSION
┌──────────┬───────────────────┬───────────┬───────────┬────────────┬─────────────┬───────────────┬───────────┬─────────────┐
│ Session  │ Models            │     Input │    Output │  Reasoning │  Cache Read │  Total Tokens │   Credits │  Cost (USD) │
├──────────┼───────────────────┼───────────┼───────────┼────────────┼─────────────┼───────────────┼───────────┼─────────────┤
│ session  │ - gpt-credit-test │       100 │         0 │          0 │           0 │           100 │      1.00 │       $0.04 │
├──────────┼───────────────────┼───────────┼───────────┼────────────┼─────────────┼───────────────┼───────────┼─────────────┤
│ Total    │                   │       100 │         0 │          0 │           0 │           100 │      1.00 │       $0.04 │
└──────────┴───────────────────┴───────────┴───────────┴────────────┴─────────────┴───────────────┴───────────┴─────────────┘
